[Sun Mar 22 02:09:02 2026] PHP 8.3.6 Development Server (http://localhost:8000) started
[Sun Mar 22 02:09:06 2026] [::1]:57790 Accepted
[Sun Mar 22 02:09:06 2026] [::1]:57790 [200]: GET /index.php
[Sun Mar 22 02:09:06 2026] [::1]:57790 Closing
[Sun Mar 22 02:09:10 2026] [::1]:37316 Accepted
[Sun Mar 22 02:09:10 2026] [::1]:37316 [200]: POST /api/download.php
[Sun Mar 22 02:09:10 2026] [::1]:37316 Closing
[Sun Mar 22 02:09:51 2026] [::1]:34958 Accepted
[Sun Mar 22 02:09:51 2026] [::1]:34958 [200]: GET /index.php
[Sun Mar 22 02:09:51 2026] [::1]:34958 Closing
[Sun Mar 22 02:09:52 2026] [::1]:34970 Accepted
[Sun Mar 22 02:09:52 2026] [::1]:34978 Accepted
[Sun Mar 22 02:09:52 2026] [::1]:34970 [200]: GET /assets/css/style.css
[Sun Mar 22 02:09:52 2026] [::1]:34978 [200]: GET /assets/js/app.js
[Sun Mar 22 02:09:52 2026] [::1]:34970 Closing
[Sun Mar 22 02:09:52 2026] [::1]:34978 Closing
[Sun Mar 22 02:10:45 2026] [::1]:32822 Accepted
[Sun Mar 22 02:10:45 2026] [::1]:32822 [200]: GET /index.php
[Sun Mar 22 02:10:45 2026] [::1]:32822 Closing
[Sun Mar 22 02:10:45 2026] [::1]:32826 Accepted
[Sun Mar 22 02:10:45 2026] [::1]:32834 Accepted
[Sun Mar 22 02:10:45 2026] [::1]:32826 [200]: GET /assets/css/style.css
[Sun Mar 22 02:10:45 2026] [::1]:32834 [200]: GET /assets/js/app.js
[Sun Mar 22 02:10:45 2026] [::1]:32826 Closing
[Sun Mar 22 02:10:45 2026] [::1]:32834 Closing
[Sun Mar 22 02:11:10 2026] [::1]:33398 Accepted
[Sun Mar 22 02:11:10 2026] [::1]:33398 [200]: GET /index.php
[Sun Mar 22 02:11:10 2026] [::1]:33398 Closing
[Sun Mar 22 02:11:10 2026] [::1]:33408 Accepted
[Sun Mar 22 02:11:10 2026] [::1]:33412 Accepted
[Sun Mar 22 02:11:10 2026] [::1]:33408 [200]: GET /assets/css/style.css
[Sun Mar 22 02:11:10 2026] [::1]:33412 [200]: GET /assets/js/app.js
[Sun Mar 22 02:11:10 2026] [::1]:33408 Closing
[Sun Mar 22 02:11:10 2026] [::1]:33412 Closing
[Sun Mar 22 02:11:26 2026] [::1]:39750 Accepted
[Sun Mar 22 02:11:26 2026] [::1]:39750 [200]: GET /index.php
[Sun Mar 22 02:11:26 2026] [::1]:39750 Closing
[Sun Mar 22 02:11:26 2026] [::1]:39760 Accepted
[Sun Mar 22 02:11:26 2026] [::1]:39762 Accepted
[Sun Mar 22 02:11:26 2026] [::1]:39760 [200]: GET /assets/css/style.css
[Sun Mar 22 02:11:26 2026] [::1]:39762 [200]: GET /assets/js/app.js
[Sun Mar 22 02:11:26 2026] [::1]:39760 Closing
[Sun Mar 22 02:11:26 2026] [::1]:39762 Closing
[Sun Mar 22 02:11:28 2026] [::1]:48240 Accepted
[Sun Mar 22 02:11:28 2026] [::1]:48240 [200]: POST /api/download.php
[Sun Mar 22 02:11:28 2026] [::1]:48240 Closing
